// Jest Snapshot v1, https://goo.gl/fbAQLP

exports[`AddQuestion will match 1`] = `
Object {
  "asFragment": [Function],
  "baseElement": <body>
    <div>
      <div
        class="d-flex justify-content-center"
      >
        <div
          class="card col-12 col-lg-4 login-card mt-2 hv-center"
        >
          <h2>
            Would You Rather
          </h2>
          <h6>
            Create Your Own Poll
          </h6>
          <form>
            <div
              class="form-group text-left"
            >
              <label
                for="first-option"
              >
                First Option
              </label>
              <input
                class="form-control"
                id="first-option"
                placeholder="Enter First Option"
                required=""
                type="text"
                value=""
              />
            </div>
            <div
              class="form-group text-left"
            >
              <label
                for="second-option"
              >
                Second Option
              </label>
              <input
                class="form-control"
                id="second-option"
                placeholder="Enter Second Option"
                required=""
                type="text"
                value=""
              />
            </div>
            <div
              class="form-check"
            />
            <button
              class="btn btn-primary"
              type="submit"
            >
              Submit
            </button>
          </form>
        </div>
      </div>
    </div>
  </body>,
  "container": <div>
    <div
      class="d-flex justify-content-center"
    >
      <div
        class="card col-12 col-lg-4 login-card mt-2 hv-center"
      >
        <h2>
          Would You Rather
        </h2>
        <h6>
          Create Your Own Poll
        </h6>
        <form>
          <div
            class="form-group text-left"
          >
            <label
              for="first-option"
            >
              First Option
            </label>
            <input
              class="form-control"
              id="first-option"
              placeholder="Enter First Option"
              required=""
              type="text"
              value=""
            />
          </div>
          <div
            class="form-group text-left"
          >
            <label
              for="second-option"
            >
              Second Option
            </label>
            <input
              class="form-control"
              id="second-option"
              placeholder="Enter Second Option"
              required=""
              type="text"
              value=""
            />
          </div>
          <div
            class="form-check"
          />
          <button
            class="btn btn-primary"
            type="submit"
          >
            Submit
          </button>
        </form>
      </div>
    </div>
  </div>,
  "debug": [Function],
  "findAllByAltText": [Function],
  "findAllByDisplayValue": [Function],
  "findAllByLabelText": [Function],
  "findAllByPlaceholderText": [Function],
  "findAllByRole": [Function],
  "findAllByTestId": [Function],
  "findAllByText": [Function],
  "findAllByTitle": [Function],
  "findByAltText": [Function],
  "findByDisplayValue": [Function],
  "findByLabelText": [Function],
  "findByPlaceholderText": [Function],
  "findByRole": [Function],
  "findByTestId": [Function],
  "findByText": [Function],
  "findByTitle": [Function],
  "getAllByAltText": [Function],
  "getAllByDisplayValue": [Function],
  "getAllByLabelText": [Function],
  "getAllByPlaceholderText": [Function],
  "getAllByRole": [Function],
  "getAllByTestId": [Function],
  "getAllByText": [Function],
  "getAllByTitle": [Function],
  "getByAltText": [Function],
  "getByDisplayValue": [Function],
  "getByLabelText": [Function],
  "getByPlaceholderText": [Function],
  "getByRole": [Function],
  "getByTestId": [Function],
  "getByText": [Function],
  "getByTitle": [Function],
  "queryAllByAltText": [Function],
  "queryAllByDisplayValue": [Function],
  "queryAllByLabelText": [Function],
  "queryAllByPlaceholderText": [Function],
  "queryAllByRole": [Function],
  "queryAllByTestId": [Function],
  "queryAllByText": [Function],
  "queryAllByTitle": [Function],
  "queryByAltText": [Function],
  "queryByDisplayValue": [Function],
  "queryByLabelText": [Function],
  "queryByPlaceholderText": [Function],
  "queryByRole": [Function],
  "queryByTestId": [Function],
  "queryByText": [Function],
  "queryByTitle": [Function],
  "rerender": [Function],
  "unmount": [Function],
}
`;
